-2;-1;WATER;M_ONE;6; 
-4;0;DESERT;M_ONE;5; 
-2;2;WOOL;TWELVE;6; 
-2;1;WOOL;NINE;6; 
-2;-3;WOOL;SIX;3; 
-4;2;WATER;M_ONE;6; 
-2;-2;WATER;M_ONE;6; 
-4;1;HAY;NINE;6; 
-2;3;WATER;M_ONE;4; 
-2;0;WATER;M_ONE;6; 
5;-1;CLAY;TWO;3; 
5;-2;CLAY;NINE;4; 
5;-3;WOOL;ELEVEN;3; 
1;-3;WOOD;THREE;4; 
1;-2;CLAY;TWELVE;6; 
1;-1;WATER;M_ONE;6; 
0;-3;WATER;M_ONE;4; 
1;0;WATER;M_ONE;6; 
1;1;WATER;M_ONE;6; 
3;0;CLAY;TWO;6; 
1;2;WOOD;TEN;6; 
3;1;HAY;THREE;6; 
1;3;WATER;M_ONE;4; 
-1;-2;STONE;TWO;6; 
3;2;WOOL;FIVE;4; 
-1;-1;STONE;EIGHT;6; 
5;0;WATER;M_ONE;0; 
-1;-3;WATER;M_ONE;4; 
4;-1;RIVER;ELEVEN;6; 
4;-2;CLAY;FIVE;6; 
4;-3;WOOD;FIVE;4; 
-4;3;HAY;ELEVEN;4; 
0;-1;STONE;FOUR;6; 
0;-2;STONE;FOUR;6; 
-4;-1;WOOL;TEN;3; 
-3;1;WATER;M_ONE;6; 
-1;3;WATER;M_ONE;4; 
-3;0;DESERT;M_ONE;6; 
-1;2;HAY;THREE;6; 
-5;1;WATER;M_ONE;3; 
-3;3;WATER;M_ONE;4; 
-3;2;HAY;NINE;6; 
-5;0;WATER;M_ONE;0; 
-1;1;WOOL;EIGHT;6; 
-1;0;WATER;M_ONE;6; 
3;-1;RIVER;THREE;6; 
3;-2;WATER;M_ONE;6; 
3;-3;WATER;M_ONE;4; 
0;0;WATER;M_ONE;6; 
0;1;WATER;M_ONE;6; 
2;0;DESERT;M_ONE;6; 
0;2;WATER;M_ONE;6; 
2;1;WOOD;EIGHT;6; 
0;3;WATER;M_ONE;4; 
4;0;CLAY;FIVE;5; 
2;2;STONE;FOUR;6; 
-3;-1;WOOD;SIX;6; 
4;1;CLAY;FOUR;3; 
2;3;WATER;M_ONE;3; 
-3;-2;HAY;ELEVEN;4; 
-5;3;HAY;SIX;3; 
-5;2;WATER;M_ONE;4; 
2;-3;WOOD;SIX;4; 
2;-2;WATER;M_ONE;6; 
2;-1;RIVER;EIGHT;6;